// Jest Snapshot v1, https://goo.gl/fbAQLP

exports[`publishing and bundling css feeds publish assets and instructions together 1`] = `
"/* my-module-1/main.css */
h2: { color: green; }

/* my-module-2/main.css */
h1 { color:blue; }"
`;

exports[`publishing and bundling css feeds publish assets before instructions 1`] = `
"/* my-module-1/main.css */
h2: { color: green; }

/* my-module-2/main.css */
h1 { color:blue; }"
`;

exports[`publishing and bundling css feeds publish instructions before assets 1`] = `
"/* my-module-1/main.css */
h2: { color: green; }

/* my-module-2/main.css */
h1 { color:blue; }"
`;

exports[`publishing and bundling js feeds publish assets and instructions together 1`] = `
"(function e(t,n,r){function s(o,u){if(!n[o]){if(!t[o]){var a=typeof require==\\"function\\"&&require;if(!u&&a)return a(o,!0);if(i)return i(o,!0);var f=new Error(\\"Cannot find module '\\"+o+\\"'\\");throw f.code=\\"MODULE_NOT_FOUND\\",f}var l=n[o]={exports:{}};t[o][0].call(l.exports,function(e){var n=t[o][1][e];return s(n?n:e)},l,l.exports,e,t,n,r)}return n[o].exports}var i=typeof require==\\"function\\"&&require;for(var o=0;o<r.length;o++)s(r[o]);return s})({},{},[]);
"
`;

exports[`publishing and bundling js feeds publish assets before instructions 1`] = `
"(function e(t,n,r){function s(o,u){if(!n[o]){if(!t[o]){var a=typeof require==\\"function\\"&&require;if(!u&&a)return a(o,!0);if(i)return i(o,!0);var f=new Error(\\"Cannot find module '\\"+o+\\"'\\");throw f.code=\\"MODULE_NOT_FOUND\\",f}var l=n[o]={exports:{}};t[o][0].call(l.exports,function(e){var n=t[o][1][e];return s(n?n:e)},l,l.exports,e,t,n,r)}return n[o].exports}var i=typeof require==\\"function\\"&&require;for(var o=0;o<r.length;o++)s(r[o]);return s})({},{},[]);
"
`;

exports[`publishing and bundling js feeds publish instructions before assets 1`] = `
"(function e(t,n,r){function s(o,u){if(!n[o]){if(!t[o]){var a=typeof require==\\"function\\"&&require;if(!u&&a)return a(o,!0);if(i)return i(o,!0);var f=new Error(\\"Cannot find module '\\"+o+\\"'\\");throw f.code=\\"MODULE_NOT_FOUND\\",f}var l=n[o]={exports:{}};t[o][0].call(l.exports,function(e){var n=t[o][1][e];return s(n?n:e)},l,l.exports,e,t,n,r)}return n[o].exports}var i=typeof require==\\"function\\"&&require;for(var o=0;o<r.length;o++)s(r[o]);return s})({},{},[]);
"
`;

exports[`publishing and bundling js feeds retrieving feeds published via optimistic bundling 1`] = `
"[
  {
    \\"id\\": \\"1d32a8e1c6cf6e5885241f3ea5fee583560b2dfde38b21ec3f9781c91d58f42e\\",
    \\"name\\": \\"my-module-1\\",
    \\"version\\": \\"1.0.1\\",
    \\"file\\": \\"my-module-1/main.js\\",
    \\"deps\\": {},
    \\"source\\": \\"const i = 1;\\"
  }
]"
`;
