// Jest Snapshot v1, https://goo.gl/fbAQLP

exports[`Router instance methods getTestFileCallback: insecure 1`] = `
"<!doctype html>
<html>

  <head>
    <script type=\\"text/javascript\\" src=\\"http://foo/bundle/bar\\"></script>
  </head>

  <body>
    <p>Please open developer console</p>
  </body>

</html>"
`;

exports[`Router instance methods getTestFileCallback: secure 1`] = `
"<!doctype html>
<html>

  <head>
    <script type=\\"text/javascript\\" src=\\"https://foo/bundle/bar\\"></script>
  </head>

  <body>
    <p>Please open developer console</p>
  </body>

</html>"
`;

exports[`Router instance methods onError 1`] = `[Error: bar]`;

exports[`Router instance methods onError with message 1`] = `[Error: foo: bar]`;

exports[`Router instance methods onPipelineEmpty 1`] = `[Error: Could not load 1 or more of the resources in the payload from storage]`;

exports[`bundling multiple css feeds /bundle/:file 1`] = `
Object {
  "file": "865dac877158c1539796859ea0717731af32e4d0d2012cba335aa628bad0454e.css",
  "uri": "/bundle/865dac877158c1539796859ea0717731af32e4d0d2012cba335aa628bad0454e.css",
}
`;

exports[`bundling multiple css feeds /bundle/:file 2`] = `
"/* my-module-1/main.css */
h2: { color: green; }

/* my-module-2/main.css */
h1 { color:blue; }"
`;

exports[`bundling multiple css feeds /bundle/css with multiple invalid bundle references 1`] = `
Object {
  "file": "865dac877158c1539796859ea0717731af32e4d0d2012cba335aa628bad0454e.css",
  "uri": "/bundle/865dac877158c1539796859ea0717731af32e4d0d2012cba335aa628bad0454e.css",
}
`;

exports[`bundling multiple js feeds /bundle/:file 1`] = `
"(function(){function r(e,n,t){function o(i,f){if(!n[i]){if(!e[i]){var c=\\"function\\"==typeof require&&require;if(!f&&c)return c(i,!0);if(u)return u(i,!0);var a=new Error(\\"Cannot find module '\\"+i+\\"'\\");throw a.code=\\"MODULE_NOT_FOUND\\",a}var p=n[i]={exports:{}};e[i][0].call(p.exports,function(r){var n=e[i][1][r];return o(n||r)},p,p.exports,r,e,n,t)}return n[i].exports}for(var u=\\"function\\"==typeof require&&require,i=0;i<t.length;i++)o(t[i]);return o}return r})()({1:[function(require,module,exports){
\\"use strict\\";module.exports.world=function(){return\\"world\\"};
},{}],2:[function(require,module,exports){
\\"use strict\\";module.exports.hello=function(){return\\"hello\\"};
},{}]},{},[2,1]);
"
`;

exports[`bundling multiple js feeds /bundle/:file 2`] = `
Object {
  "file": "1169bd76132016955020e07e838092b1306ba8de9db193a612fefa85aff1744c.js",
  "uri": "/bundle/1169bd76132016955020e07e838092b1306ba8de9db193a612fefa85aff1744c.js",
}
`;

exports[`bundling multiple js feeds /bundle/:file 3`] = `
"(function(){function r(e,n,t){function o(i,f){if(!n[i]){if(!e[i]){var c=\\"function\\"==typeof require&&require;if(!f&&c)return c(i,!0);if(u)return u(i,!0);var a=new Error(\\"Cannot find module '\\"+i+\\"'\\");throw a.code=\\"MODULE_NOT_FOUND\\",a}var p=n[i]={exports:{}};e[i][0].call(p.exports,function(r){var n=e[i][1][r];return o(n||r)},p,p.exports,r,e,n,t)}return n[i].exports}for(var u=\\"function\\"==typeof require&&require,i=0;i<t.length;i++)o(t[i]);return o}return r})()({1:[function(require,module,exports){
\\"use strict\\";module.exports.world=function(){return\\"world\\"};
},{}],2:[function(require,module,exports){
\\"use strict\\";module.exports.hello=function(){return\\"hello\\"};
},{}]},{},[2,1]);
"
`;

exports[`bundling multiple js feeds /bundle/:file?minify=true 1`] = `
"(function(){function r(e,n,t){function o(i,f){if(!n[i]){if(!e[i]){var c=\\"function\\"==typeof require&&require;if(!f&&c)return c(i,!0);if(u)return u(i,!0);var a=new Error(\\"Cannot find module '\\"+i+\\"'\\");throw a.code=\\"MODULE_NOT_FOUND\\",a}var p=n[i]={exports:{}};e[i][0].call(p.exports,function(r){var n=e[i][1][r];return o(n||r)},p,p.exports,r,e,n,t)}return n[i].exports}for(var u=\\"function\\"==typeof require&&require,i=0;i<t.length;i++)o(t[i]);return o}return r})()({1:[function(require,module,exports){
\\"use strict\\";module.exports.world=function(){return\\"world\\"};
},{}],2:[function(require,module,exports){
\\"use strict\\";module.exports.hello=function(){return\\"hello\\"};
},{}]},{},[2,1]);
"
`;

exports[`bundling multiple js feeds /bundle/:file?minify=true 2`] = `
Object {
  "file": "1169bd76132016955020e07e838092b1306ba8de9db193a612fefa85aff1744c.js",
  "uri": "/bundle/1169bd76132016955020e07e838092b1306ba8de9db193a612fefa85aff1744c.js",
}
`;

exports[`bundling multiple js feeds /bundle/:file?minify=true 3`] = `
"(function(){function r(e,n,t){function o(i,f){if(!n[i]){if(!e[i]){var c=\\"function\\"==typeof require&&require;if(!f&&c)return c(i,!0);if(u)return u(i,!0);var a=new Error(\\"Cannot find module '\\"+i+\\"'\\");throw a.code=\\"MODULE_NOT_FOUND\\",a}var p=n[i]={exports:{}};e[i][0].call(p.exports,function(r){var n=e[i][1][r];return o(n||r)},p,p.exports,r,e,n,t)}return n[i].exports}for(var u=\\"function\\"==typeof require&&require,i=0;i<t.length;i++)o(t[i]);return o}return r})()({1:[function(require,module,exports){
\\"use strict\\";module.exports.world=function(){return\\"world\\"};
},{}],2:[function(require,module,exports){
\\"use strict\\";module.exports.hello=function(){return\\"hello\\"};
},{}]},{},[2,1]);
"
`;

exports[`bundling multiple js feeds /bundle/js with multiple invalid bundle reference 1`] = `
"(function(){function r(e,n,t){function o(i,f){if(!n[i]){if(!e[i]){var c=\\"function\\"==typeof require&&require;if(!f&&c)return c(i,!0);if(u)return u(i,!0);var a=new Error(\\"Cannot find module '\\"+i+\\"'\\");throw a.code=\\"MODULE_NOT_FOUND\\",a}var p=n[i]={exports:{}};e[i][0].call(p.exports,function(r){var n=e[i][1][r];return o(n||r)},p,p.exports,r,e,n,t)}return n[i].exports}for(var u=\\"function\\"==typeof require&&require,i=0;i<t.length;i++)o(t[i]);return o}return r})()({1:[function(require,module,exports){
\\"use strict\\";module.exports.world=function(){return\\"world\\"};
},{}],2:[function(require,module,exports){
\\"use strict\\";module.exports.hello=function(){return\\"hello\\"};
},{}]},{},[2,1]);
"
`;

exports[`bundling multiple js feeds /bundle/js with multiple invalid bundle reference 2`] = `
Object {
  "file": "1169bd76132016955020e07e838092b1306ba8de9db193a612fefa85aff1744c.js",
  "uri": "/bundle/1169bd76132016955020e07e838092b1306ba8de9db193a612fefa85aff1744c.js",
}
`;

exports[`bundling single css feed /bundle/css 1`] = `
Object {
  "file": "28b015efa819a445a46282fff9125aac41deed83d81d5f19a994a322f30cbbfb.css",
  "uri": "/bundle/28b015efa819a445a46282fff9125aac41deed83d81d5f19a994a322f30cbbfb.css",
}
`;

exports[`bundling single css feed persist meta information 1`] = `
[MockFunction metaStorageSet] {
  "calls": Array [
    Array [
      "css/myId",
      Object {
        "id": "myId",
        "version": "28b015efa819a445a46282fff9125aac41deed83d81d5f19a994a322f30cbbfb.css",
      },
    ],
  ],
  "results": Array [
    Object {
      "type": "return",
      "value": undefined,
    },
  ],
}
`;

exports[`bundling single js feed /bundle/js 1`] = `
Object {
  "file": "8e3f0596cf98d9f11f59f83601d75a5e9e8bed5e3d5d1bd0748cc53b656a1cc7.js",
  "uri": "/bundle/8e3f0596cf98d9f11f59f83601d75a5e9e8bed5e3d5d1bd0748cc53b656a1cc7.js",
}
`;

exports[`bundling single js feed persist meta information 1`] = `
[MockFunction metaStorageSet] {
  "calls": Array [
    Array [
      "js/myId",
      Object {
        "id": "myId",
        "version": "8e3f0596cf98d9f11f59f83601d75a5e9e8bed5e3d5d1bd0748cc53b656a1cc7.js",
      },
    ],
  ],
  "results": Array [
    Object {
      "type": "return",
      "value": undefined,
    },
  ],
}
`;

exports[`downloading feeds /feed/:file 1`] = `
Array [
  Object {
    "deps": Object {},
    "file": "./assets/js/bar.js",
    "id": "c645cf572a8f5acf8716e4846b408d3b1ca45c58",
    "source": "\\"use strict\\";module.exports.world=function(){return\\"world\\"};",
  },
]
`;

exports[`uploading css feeds /feed/css/myId 1`] = `
[MockFunction metaStorageSet] {
  "calls": Array [
    Array [
      "css/myId",
      Object {
        "id": "myId",
        "version": "3252bd07a7cbf1c6be20e197ef81070673d00ee887ebf1e3ca60582f44e37617.json",
      },
    ],
  ],
  "results": Array [
    Object {
      "type": "return",
      "value": undefined,
    },
  ],
}
`;

exports[`uploading js feeds /feed/js/myId 1`] = `
[MockFunction metaStorageSet] {
  "calls": Array [
    Array [
      "js/myId",
      Object {
        "id": "myId",
        "version": "f652e904f72daa8bd884df867b69861bcb90be9508a1d558f05070d5d044d0d3.json",
      },
    ],
  ],
  "results": Array [
    Object {
      "type": "return",
      "value": undefined,
    },
  ],
}
`;
